✖ legacy completion refuses future, nonfinite and unsupported civil dates before any write (495.719955ms)
✔ valid civil completion retains attribution, advances once and replays without any changes (608.387025ms)
✖ date hardening preserves an already committed legacy future-date receipt and immutable history (520.338354ms)
✔ valid completion still enforces tenant membership and anonymous denial (518.445837ms)
ℹ tests 4
ℹ suites 0
ℹ pass 2
ℹ fail 2
ℹ cancelled 0
ℹ skipped 0
ℹ todo 0
ℹ duration_ms 2185.872336

✖ failing tests:

test at tests/database/legacy-completion-dates.test.mjs:42:1
✖ legacy completion refuses future, nonfinite and unsupported civil dates before any write (495.719955ms)
  AssertionError [ERR_ASSERTION]: Missing expected exception: '2026-10-05'::date
      at TestContext.<anonymous> (file:///home/drrius/Work/nest/tests/database/legacy-completion-dates.test.mjs:55:12)
      at Test.runInAsyncScope (node:async_hooks:226:14)
      at Test.run (node:internal/test_runner/test:1402:25)
      at Test.start (node:internal/test_runner/test:1262:17)
      at startSubtestAfterBootstrap (node:internal/test_runner/harness:387:17) {
    generatedMessage: false,
    code: 'ERR_ASSERTION',
    actual: undefined,
    expected: /invalid_completed_date/,
    operator: 'throws',
    diff: 'simple'
  }

test at tests/database/legacy-completion-dates.test.mjs:92:1
✖ date hardening preserves an already committed legacy future-date receipt and immutable history (520.338354ms)
  AssertionError [ERR_ASSERTION]: The input did not match the regular expression /invalid_completed_date/. Input:
  
  "Error: Command failed: /tmp/nest-postgres/usr/bin/psql -X -h /tmp/nest-db-nH6BEq/socket -p 55439 -d postgres -v ON_ERROR_STOP=1 -qAt -c set role authenticated; set request.jwt.claim.sub='00000000-0000-4000-8000-000000000001'; select public.complete_occurrence('e1986fe8-7b7f-4186-9117-52ce2b5a804c','new-invalid-date','2026-10-18'::date,null,null)\n" +
    'ERROR:  routine occurrence e1986fe8-7b7f-4186-9117-52ce2b5a804c is not open\n' +
    'CONTEXT:  PL/pgSQL function private.apply_routine_closure(uuid,text,text,date,date,text,text) line 87 at RAISE\n' +
    'SQL function "complete_occurrence" statement 1\n'
  
      at TestContext.<anonymous> (file:///home/drrius/Work/nest/tests/database/legacy-completion-dates.test.mjs:102:10)
      at Test.runInAsyncScope (node:async_hooks:226:14)
      at Test.run (node:internal/test_runner/test:1402:25)
      at Test.processPendingSubtests (node:internal/test_runner/test:974:18)
      at Test.postRun (node:internal/test_runner/test:1542:19)
      at Test.run (node:internal/test_runner/test:1467:12)
      at async Test.processPendingSubtests (node:internal/test_runner/test:974:7) {
    generatedMessage: true,
    code: 'ERR_ASSERTION',
    actual: Error: Command failed: /tmp/nest-postgres/usr/bin/psql -X -h /tmp/nest-db-nH6BEq/socket -p 55439 -d postgres -v ON_ERROR_STOP=1 -qAt -c set role authenticated; set request.jwt.claim.sub='00000000-0000-4000-8000-000000000001'; select public.complete_occurrence('e1986fe8-7b7f-4186-9117-52ce2b5a804c','new-invalid-date','2026-10-18'::date,null,null)
    ERROR:  routine occurrence e1986fe8-7b7f-4186-9117-52ce2b5a804c is not open
    CONTEXT:  PL/pgSQL function private.apply_routine_closure(uuid,text,text,date,date,text,text) line 87 at RAISE
    SQL function "complete_occurrence" statement 1
    
        at genericNodeError (node:internal/errors:999:15)
        at wrappedFn (node:internal/errors:544:14)
        at checkExecSyncError (node:child_process:942:11)
        at execFileSync (node:child_process:978:15)
        at Object.sql (file:///home/drrius/Work/nest/tests/database/fixture-postgres.mjs:54:9)
        at file:///home/drrius/Work/nest/tests/database/legacy-completion-dates.test.mjs:103:14
        at getActual (node:assert:580:5)
        at strict.throws (node:assert:728:24)
        at TestContext.<anonymous> (file:///home/drrius/Work/nest/tests/database/legacy-completion-dates.test.mjs:102:10)
        at Test.runInAsyncScope (node:async_hooks:226:14),
    expected: /invalid_completed_date/,
    operator: 'throws',
    diff: 'simple'
  }
