tests/integration/variable-cycle-race-fixture.mjs:6:23: warning effecttsgo(async-function): This code declares an async function, consider representing this async control flow with Effect values and `Effect.gen`.
tests/integration/variable-cycle-race-fixture.mjs:41:19: warning effecttsgo(async-function): This code declares an async function, consider representing this async control flow with Effect values and `Effect.gen`.
tests/integration/variable-cycle-race-fixture.mjs:51:11: warning effecttsgo(async-function): This code declares an async function, consider representing this async control flow with Effect values and `Effect.gen`.
tests/integration/variable-cycle-race-fixture.mjs:58:16: warning effecttsgo(async-function): This code declares an async function, consider representing this async control flow with Effect values and `Effect.gen`.
tests/integration/variable-cycle-race-fixture.mjs:76:16: warning effecttsgo(async-function): This code declares an async function, consider representing this async control flow with Effect values and `Effect.gen`.
tests/integration/variable-cycle-race-fixture.mjs:83:31: warning effecttsgo(async-function): This code declares an async function, consider representing this async control flow with Effect values and `Effect.gen`.
tests/integration/native-variable-race-host.mjs:12:16: warning effecttsgo(async-function): This code declares an async function, consider representing this async control flow with Effect values and `Effect.gen`.
tests/integration/native-variable-race-host.mjs:18:16: warning effecttsgo(async-function): This code declares an async function, consider representing this async control flow with Effect values and `Effect.gen`.
tests/integration/native-variable-race-host.mjs:33:16: warning effecttsgo(async-function): This code declares an async function, consider representing this async control flow with Effect values and `Effect.gen`.
tests/integration/native-variable-race-host.mjs:62:29: warning effecttsgo(async-function): This code declares an async function, consider representing this async control flow with Effect values and `Effect.gen`.
tests/integration/native-variable-race-host.mjs:94:24: warning effecttsgo(async-function): This code declares an async function, consider representing this async control flow with Effect values and `Effect.gen`.
tests/integration/variable-cycle-race-fixture.mjs:56:11: warning effecttsgo(new-promise): This code constructs `new Promise(...)`, prefer Effect APIs such as `Effect.async`, `Effect.promise`, or `Effect.tryPromise` instead of manual Promise construction.
tests/integration/variable-cycle-race-fixture.mjs:78:20: warning effecttsgo(new-promise): This code constructs `new Promise(...)`, prefer Effect APIs such as `Effect.async`, `Effect.promise`, or `Effect.tryPromise` instead of manual Promise construction.
tests/integration/variable-cycle-race-fixture.mjs:105:9: warning effecttsgo(new-promise): This code constructs `new Promise(...)`, prefer Effect APIs such as `Effect.async`, `Effect.promise`, or `Effect.tryPromise` instead of manual Promise construction.
tests/integration/variable-cycle-race-fixture.mjs:1:54: warning effecttsgo(node-builtin-import): This module reference uses the `http` module, the corresponding Effect API is `HttpClient` from `effect/unstable/http`.
tests/integration/variable-cycle-race-fixture.mjs:2:37: warning effecttsgo(node-builtin-import): This module reference uses the `timers` module, the corresponding Effect API is `Effect` from `effect`.
tests/integration/native-variable-race-host.mjs:90:7: warning effecttsgo(new-promise): This code constructs `new Promise(...)`, prefer Effect APIs such as `Effect.async`, `Effect.promise`, or `Effect.tryPromise` instead of manual Promise construction.
tests/integration/native-variable-race-host.mjs:97:11: warning effecttsgo(new-promise): This code constructs `new Promise(...)`, prefer Effect APIs such as `Effect.async`, `Effect.promise`, or `Effect.tryPromise` instead of manual Promise construction.
tests/integration/native-variable-race-host.mjs:1:30: warning effecttsgo(node-builtin-import): This module reference uses the `http` module, the corresponding Effect API is `HttpClient` from `effect/unstable/http`.
tests/integration/native-variable-race-host.mjs:2:31: warning effecttsgo(node-builtin-import): This module reference uses the `fs` module, the corresponding Effect API is `FileSystem` from `effect`.
tests/integration/native-variable-race-host.mjs:3:25: warning effecttsgo(node-builtin-import): This module reference uses the `path` module, the corresponding Effect API is `Path` from `effect`.
tests/integration/variable-cycle-ordered-races.test.mjs:7:90: warning effecttsgo(async-function): This code declares an async function, consider representing this async control flow with Effect values and `Effect.gen`.
