TAP version 13
# Subtest: Swift legacy adoption fixtures preserve original rules and explicit prospective mandate
ok 1 - Swift legacy adoption fixtures preserve original rules and explicit prospective mandate
  ---
  duration_ms: 5.178526
  type: 'test'
  ...
# Subtest: adoption context refuses contradictory blockers and receipts for blocked source
ok 2 - adoption context refuses contradictory blockers and receipts for blocked source
  ---
  duration_ms: 1.081924
  type: 'test'
  ...
# Subtest: stale legacy source and first cycle reject without adoption or posting; fresh adoption replays
ok 3 - stale legacy source and first cycle reject without adoption or posting; fresh adoption replays
  ---
  duration_ms: 965.670222
  type: 'test'
  ...
# Subtest: authorized native review transports retained adoption blockers and cannot grant a mandate
ok 4 - authorized native review transports retained adoption blockers and cannot grant a mandate
  ---
  duration_ms: 945.027658
  type: 'test'
  ...
# Subtest: native adoption review rejects wrong household, source identity and contradictory blockers
ok 5 - native adoption review rejects wrong household, source identity and contradictory blockers
  ---
  duration_ms: 821.611323
  type: 'test'
  ...
# Subtest: native adoption defaults to variable, preserves missing splits, and computes the exact non-overlapping fixed mandate
ok 6 - native adoption defaults to variable, preserves missing splits, and computes the exact non-overlapping fixed mandate
  ---
  duration_ms: 959.571138
  type: 'test'
  ...
# Subtest: source, member order, fields and lifecycle changes invalidate native adoption review
ok 7 - source, member order, fields and lifecycle changes invalidate native adoption review
  ---
  duration_ms: 937.012428
  type: 'test'
  ...
# Subtest: original adoption terms remain visible for variable proposals and resolve categories beyond the first page
ok 8 - original adoption terms remain visible for variable proposals and resolve categories beyond the first page
  ---
  duration_ms: 941.504588
  type: 'test'
  ...
1..8
# tests 8
# suites 0
# pass 8
# fail 0
# cancelled 0
# skipped 0
# todo 0
# duration_ms 6644.918815
