TAP version 13
# Subtest: missing food setup stays absent; owner save and exact retry retain private preferences once
ok 1 - missing food setup stays absent; owner save and exact retry retain private preferences once
  ---
  duration_ms: 30.514992
  type: 'test'
  ...
# Subtest: partner, other household and anonymous cannot read a private profile or its receipts
ok 2 - partner, other household and anonymous cannot read a private profile or its receipts
  ---
  duration_ms: 40.729624
  type: 'test'
  ...
# Subtest: the same operation UUID is isolated between partners and cannot overwrite another profile
ok 3 - the same operation UUID is isolated between partners and cannot overwrite another profile
  ---
  duration_ms: 28.640026
  type: 'test'
  ...
# Subtest: changed invocation and stale revisions fail while old receipt replay remains immutable
ok 4 - changed invocation and stale revisions fail while old receipt replay remains immutable
  ---
  duration_ms: 35.676586
  type: 'test'
  ...
# Subtest: concurrent exact saves commit once and competing first saves conflict
ok 5 - concurrent exact saves commit once and competing first saves conflict
  ---
  duration_ms: 23.785641
  type: 'test'
  ...
# Subtest: invalid or unbounded preferences fail without creating a confirmed setup row
ok 6 - invalid or unbounded preferences fail without creating a confirmed setup row
  ---
  duration_ms: 79.453858
  type: 'test'
  ...
# Subtest: direct writes, actor reassignment and receipt deletion are denied
ok 7 - direct writes, actor reassignment and receipt deletion are denied
  ---
  duration_ms: 27.187966
  type: 'test'
  ...
# Subtest: revocation hides retained preferences and prevents old receipt replay
ok 8 - revocation hides retained preferences and prevents old receipt replay
  ---
  duration_ms: 25.735064
  type: 'test'
  ...
# Subtest: receipt insertion failure rolls back profile creation and supports a clean retry
ok 9 - receipt insertion failure rolls back profile creation and supports a clean retry
  ---
  duration_ms: 24.208356
  type: 'test'
  ...
# Subtest: membership revocation serializes after an in-flight authorized save
ok 10 - membership revocation serializes after an in-flight authorized save
  ---
  duration_ms: 329.674768
  type: 'test'
  ...
# Subtest: profile API saves private fields, protects tenant identity and distinguishes unconfigured setup
ok 11 - profile API saves private fields, protects tenant identity and distinguishes unconfigured setup
  ---
  duration_ms: 732.307636
  type: 'test'
  ...
# Subtest: profile save lost acknowledgment retries the exact command once and revocation hides saved values
ok 12 - profile save lost acknowledgment retries the exact command once and revocation hides saved values
  ---
  duration_ms: 642.349126
  type: 'test'
  ...
# Subtest: bounded profile body accepts valid multibyte preference lists and rejects oversized or invalid fields
ok 13 - bounded profile body accepts valid multibyte preference lists and rejects oversized or invalid fields
  ---
  duration_ms: 677.390584
  type: 'test'
  ...
1..13
# tests 13
# suites 0
# pass 13
# fail 0
# cancelled 0
# skipped 0
# todo 0
# duration_ms 3459.84374
