✖ legacy sweep preserves the partner's old private native receipt and exact upload retry (524.335633ms)
✖ legacy finish cannot advance another native uploader's interrupted cleanup (519.340518ms)
ℹ tests 2
ℹ suites 0
ℹ pass 0
ℹ fail 2
ℹ cancelled 0
ℹ skipped 0
ℹ todo 0
ℹ duration_ms 1084.005806

✖ failing tests:

test at ../../../../tmp/nest-legacy-receipt-before-fix.test.mjs:34:1
✖ legacy sweep preserves the partner's old private native receipt and exact upload retry (524.335633ms)
  AssertionError [ERR_ASSERTION]: Expected values to be strictly equal:
  + actual - expected
  
  + '00000000-0000-4000-8000-000000000010/receipts/00000000-0000-4000-8000-000000000100.jpg'
  - ''
  
      at TestContext.<anonymous> (file:///tmp/nest-legacy-receipt-before-fix.test.mjs:39:10)
      at Test.runInAsyncScope (node:async_hooks:226:14)
      at Test.run (node:internal/test_runner/test:1402:25)
      at Test.start (node:internal/test_runner/test:1262:17)
      at startSubtestAfterBootstrap (node:internal/test_runner/harness:387:17) {
    generatedMessage: true,
    code: 'ERR_ASSERTION',
    actual: '00000000-0000-4000-8000-000000000010/receipts/00000000-0000-4000-8000-000000000100.jpg',
    expected: '',
    operator: 'strictEqual',
    diff: 'simple'
  }

test at ../../../../tmp/nest-legacy-receipt-before-fix.test.mjs:46:1
✖ legacy finish cannot advance another native uploader's interrupted cleanup (519.340518ms)
  AssertionError [ERR_ASSERTION]: Expected values to be strictly equal:
  + actual - expected
  
  + 'deleted'
  - 'deleting'
          ^
  
      at TestContext.<anonymous> (file:///tmp/nest-legacy-receipt-before-fix.test.mjs:53:10)
      at Test.runInAsyncScope (node:async_hooks:226:14)
      at Test.run (node:internal/test_runner/test:1402:25)
      at Test.processPendingSubtests (node:internal/test_runner/test:974:18)
      at Test.postRun (node:internal/test_runner/test:1542:19)
      at Test.run (node:internal/test_runner/test:1467:12)
      at async startSubtestAfterBootstrap (node:internal/test_runner/harness:387:3) {
    generatedMessage: true,
    code: 'ERR_ASSERTION',
    actual: 'deleted',
    expected: 'deleting',
    operator: 'strictEqual',
    diff: 'simple'
  }
