✖ legacy reschedule rejects nonfinite, unsupported and null dates without altering recurrence (500.556129ms)
ℹ tests 1
ℹ suites 0
ℹ pass 0
ℹ fail 1
ℹ cancelled 0
ℹ skipped 0
ℹ todo 0
ℹ duration_ms 538.896192

✖ failing tests:

test at tests/database/legacy-reschedule-dates.test.mjs:34:1
✖ legacy reschedule rejects nonfinite, unsupported and null dates without altering recurrence (500.556129ms)
  AssertionError [ERR_ASSERTION]: Missing expected exception: 'infinity'::date
      at TestContext.<anonymous> (file:///home/drrius/Work/nest/tests/database/legacy-reschedule-dates.test.mjs:44:12)
      at Test.runInAsyncScope (node:async_hooks:226:14)
      at Test.run (node:internal/test_runner/test:1402:25)
      at Test.start (node:internal/test_runner/test:1262:17)
      at startSubtestAfterBootstrap (node:internal/test_runner/harness:387:17) {
    generatedMessage: false,
    code: 'ERR_ASSERTION',
    actual: undefined,
    expected: /invalid_reschedule_date/,
    operator: 'throws',
    diff: 'simple'
  }
