TAP version 13
# Subtest: leftovers copy retained source ingredients rather than the current library and replay without duplicates
ok 1 - leftovers copy retained source ingredients rather than the current library and replay without duplicates
  ---
  duration_ms: 624.730705
  type: 'test'
  ...
# Subtest: cross-week leftovers increment only the destination and keep the source stable
ok 2 - cross-week leftovers increment only the destination and keep the source stable
  ---
  duration_ms: 609.104155
  type: 'test'
  ...
# Subtest: source removal, source type, dates, tenant and stale baselines fail without changing history
ok 3 - source removal, source type, dates, tenant and stale baselines fail without changing history
  ---
  duration_ms: 639.9398
  type: 'test'
  ...
# Subtest: receipt failure rolls back the new entry, snapshot and both week baselines
ok 4 - receipt failure rolls back the new entry, snapshot and both week baselines
  ---
  duration_ms: 730.465074
  type: 'test'
  ...
# Subtest: legacy one-off sources retain unknown historical detail and no preparation is generated
ok 5 - legacy one-off sources retain unknown historical detail and no preparation is generated
  ---
  duration_ms: 592.73387
  type: 'test'
  ...
# Subtest: leftover contracts reject mismatched same-week revisions and out-of-week dates
ok 6 - leftover contracts reject mismatched same-week revisions and out-of-week dates
  ---
  duration_ms: 0.715296
  type: 'test'
  ...
# Subtest: generated later-day slots preserve source identity, recipe version and exact week revisions
ok 7 - generated later-day slots preserve source identity, recipe version and exact week revisions
  ---
  duration_ms: 953.983056
  type: 'test'
  ...
# Subtest: racing source removal and leftover placement never leave an active orphan
ok 8 - racing source removal and leftover placement never leave an active orphan
  ---
  duration_ms: 592.677961
  type: 'test'
  ...
# Subtest: retained legacy Monday ideas remain valid earlier-day leftover sources
ok 9 - retained legacy Monday ideas remain valid earlier-day leftover sources
  ---
  duration_ms: 591.650186
  type: 'test'
  ...
# Subtest: HTTP leftovers replay after lost response, retain source ingredients and deny revoked recovery
ok 10 - HTTP leftovers replay after lost response, retain source ingredients and deny revoked recovery
  ---
  duration_ms: 891.436215
  type: 'test'
  ...
# Subtest: native leftovers cross weeks, retry lost acknowledgment and retain the original recipe
ok 11 - native leftovers cross weeks, retry lost acknowledgment and retain the original recipe
  ---
  duration_ms: 876.942146
  type: 'test'
  ...
1..11
# tests 11
# suites 0
# pass 11
# fail 0
# cancelled 0
# skipped 0
# todo 0
# duration_ms 7519.959881
