✔ API fence refuses inherited grants and reversibly restricts legacy access (508.750904ms)
✔ API fence blocks owner-backed writable views while preserving reads and rollback (452.725945ms)
✔ API fence blocks legacy procedure calls and refuses surviving inherited execution (457.555413ms)
✔ cutover inventory includes anonymous, inherited, column-only and truncate-only access (447.316756ms)
✔ writer inventory includes inherited view column grants without base-table access (473.883685ms)
✔ private helper inventory separates inherited execute from schema access (487.057383ms)
✔ missing scheduler is unknown and known function bodies stay server-side (452.631548ms)
✔ catalog fixture retains unknown and inactive jobs without exporting commands or changing rows (456.758589ms)
✔ RLS-filtered job access refuses a misleading partial inventory (462.68662ms)
✔ missing SELECT privilege or unsupported catalog shape cannot mean zero jobs (472.352186ms)
✔ large catalogs report truncation instead of claiming a complete inventory (474.707367ms)
✖ an already writable transaction is refused and never committed (445.348871ms)
✔ table inventory distinguishes inherited column grants, schema access and actual RLS denial (459.242606ms)
ℹ tests 13
ℹ suites 0
ℹ pass 12
ℹ fail 1
ℹ cancelled 0
ℹ skipped 0
ℹ todo 0
ℹ duration_ms 2808.782617

✖ failing tests:

test at tests/database/scheduled-writer-inventory.test.mjs:124:1
✖ an already writable transaction is refused and never committed (445.348871ms)
  AssertionError [ERR_ASSERTION]: The input did not match the regular expression /isolated read-only database session/. Input:
  
  'Error: Command failed: /tmp/nest-postgres-18-fixture/usr/bin/psql -X -h /tmp/nest-db-YoGUIK/socket -p 55439 -d postgres -v ON_ERROR_STOP=1 -qAt -c begin; create table public.must_not_commit(id int); begin isolation level repeatable read read only;\n' +
    '    set local search_path=pg_catalog;\n' +
    '    with catalog as (\n' +
    '  select c.oid,c.relkind,n.oid as schema_oid\n' +
    '  from pg_class c join pg_namespace n on n.oid=c.relnamespace\n' +
    "  where n.nspname='cron' and c.relname='job'\n" +
    "), extension as (select oid,extversion from pg_extension where extname='pg_cron')\n" +
    'select jsonb_build_object(\n' +
    "  'database',current_database(),'role',current_user,\n" +
    "  'readOnly',current_setting('transaction_read_only')='on',\n" +
    "  'extensionPresent',exists(select from extension),\n" +
    "  'extensionVersion',(select extversion from extension),\n" +
    "  'catalogPresent',exists(select from catalog),\n" +
    "  'catalogOwnedByExtension',exists(select from catalog c join pg_depend d\n" +
    "    on d.classid='pg_class'::regclass and d.objid=c.oid and d.deptype='e'\n" +
    "    join extension e on d.refclassid='pg_extension'::regclass and d.refobjid=e.oid),\n" +
    "  'catalogShapeSupported',coalesce((select relkind='r' and\n" +
    '    (select count(*)=7 from pg_attribute a where a.attrelid=c.oid\n' +
    '      and a.attnum>0 and not a.attisdropped and\n' +
    "      (a.attname,a.atttypid) in (('jobid','int8'::regtype),('jobname','text'::regtype),\n" +
    "      ('schedule','text'::regtype),('command','text'::regtype),\n" +
    "      ('database','text'::regtype),('username','text'::regtype),('active','bool'::regtype)))\n" +
    '    from catalog c),false),\n' +
    "  'catalogReadable',coalesce((select has_schema_privilege(schema_oid,'USAGE')\n" +
    "    and has_table_privilege(oid,'SELECT') from catalog),false),\n" +
    "  'allRowsVisible',coalesce((select not row_security_active(oid) from catalog),false)\n" +
    ') as metadata; rollback;\n' +
    'WARNING:  there is already a transaction in progress\n' +
    'ERROR:  SET TRANSACTION ISOLATION LEVEL must be called before any query\n'
  
      at TestContext.<anonymous> (file:///home/drrius/Work/nest/tests/database/scheduled-writer-inventory.test.mjs:126:10)
      at Test.runInAsyncScope (node:async_hooks:226:14)
      at Test.run (node:internal/test_runner/test:1402:25)
      at Test.processPendingSubtests (node:internal/test_runner/test:974:18)
      at Test.postRun (node:internal/test_runner/test:1542:19)
      at Test.run (node:internal/test_runner/test:1467:12)
      at async Test.processPendingSubtests (node:internal/test_runner/test:974:7) {
    generatedMessage: true,
    code: 'ERR_ASSERTION',
    actual: Error: Command failed: /tmp/nest-postgres-18-fixture/usr/bin/psql -X -h /tmp/nest-db-YoGUIK/socket -p 55439 -d postgres -v ON_ERROR_STOP=1 -qAt -c begin; create table public.must_not_commit(id int); begin isolation level repeatable read read only;
        set local search_path=pg_catalog;
        with catalog as (
      select c.oid,c.relkind,n.oid as schema_oid
      from pg_class c join pg_namespace n on n.oid=c.relnamespace
      where n.nspname='cron' and c.relname='job'
    ), extension as (select oid,extversion from pg_extension where extname='pg_cron')
    select jsonb_build_object(
      'database',current_database(),'role',current_user,
      'readOnly',current_setting('transaction_read_only')='on',
      'extensionPresent',exists(select from extension),
      'extensionVersion',(select extversion from extension),
      'catalogPresent',exists(select from catalog),
      'catalogOwnedByExtension',exists(select from catalog c join pg_depend d
        on d.classid='pg_class'::regclass and d.objid=c.oid and d.deptype='e'
        join extension e on d.refclassid='pg_extension'::regclass and d.refobjid=e.oid),
      'catalogShapeSupported',coalesce((select relkind='r' and
        (select count(*)=7 from pg_attribute a where a.attrelid=c.oid
          and a.attnum>0 and not a.attisdropped and
          (a.attname,a.atttypid) in (('jobid','int8'::regtype),('jobname','text'::regtype),
          ('schedule','text'::regtype),('command','text'::regtype),
          ('database','text'::regtype),('username','text'::regtype),('active','bool'::regtype)))
        from catalog c),false),
      'catalogReadable',coalesce((select has_schema_privilege(schema_oid,'USAGE')
        and has_table_privilege(oid,'SELECT') from catalog),false),
      'allRowsVisible',coalesce((select not row_security_active(oid) from catalog),false)
    ) as metadata; rollback;
    WARNING:  there is already a transaction in progress
    ERROR:  SET TRANSACTION ISOLATION LEVEL must be called before any query
    
        at genericNodeError (node:internal/errors:999:15)
        at wrappedFn (node:internal/errors:544:14)
        at checkExecSyncError (node:child_process:942:11)
        at execFileSync (node:child_process:978:15)
        at Object.sql (file:///home/drrius/Work/nest/tests/database/fixture-postgres.mjs:54:9)
        at Object.sql (file:///home/drrius/Work/nest/tests/database/scheduled-writer-inventory.test.mjs:129:28)
        at read (file:///home/drrius/Work/nest/tools/migration/scheduled-writer-inventory.mjs:52:8)
        at captureScheduledWriterInventory (file:///home/drrius/Work/nest/tools/migration/scheduled-writer-inventory.mjs:63:17)
        at file:///home/drrius/Work/nest/tests/database/scheduled-writer-inventory.test.mjs:128:7
        at getActual (node:assert:580:5),
    expected: /isolated read-only database session/,
    operator: 'throws',
    diff: 'simple'
  }
