TAP version 13
# Subtest: reminder due time uses Zurich DST and invalidates changed, removed or disabled items
ok 1 - reminder due time uses Zurich DST and invalidates changed, removed or disabled items
  ---
  duration_ms: 802.908788
  type: 'test'
  ...
# Subtest: reminder storage canonicalizes recipients and refuses mute authority and malformed timing
ok 2 - reminder storage canonicalizes recipients and refuses mute authority and malformed timing
  ---
  duration_ms: 674.332307
  type: 'test'
  ...
# Subtest: reminder rows are household isolated and client writes and private receipts are inaccessible
ok 3 - reminder rows are household isolated and client writes and private receipts are inaccessible
  ---
  duration_ms: 675.147999
  type: 'test'
  ...
# Subtest: concurrent reminder retries record one immutable result; both revisions protect edits
ok 4 - concurrent reminder retries record one immutable result; both revisions protect edits
  ---
  duration_ms: 693.29197
  type: 'test'
  ...
# Subtest: reminder cancellation fences late sends; foreign recipients and callers cannot mutate
ok 5 - reminder cancellation fences late sends; foreign recipients and callers cannot mutate
  ---
  duration_ms: 684.97746
  type: 'test'
  ...
# Subtest: receipt persistence failure rolls back settings; read preserves absence and known settings
ok 6 - receipt persistence failure rolls back settings; read preserves absence and known settings
  ---
  duration_ms: 698.873991
  type: 'test'
  ...
# Subtest: reminders reject date underflow and changed operation intent
ok 7 - reminders reject date underflow and changed operation intent
  ---
  duration_ms: 674.344276
  type: 'test'
  ...
# Subtest: racing cancellation and save agree on a single terminal outcome
ok 8 - racing cancellation and save agree on a single terminal outcome
  ---
  duration_ms: 663.458731
  type: 'test'
  ...
1..8
# tests 8
# suites 0
# pass 8
# fail 0
# cancelled 0
# skipped 0
# todo 0
# duration_ms 5708.971283
